MPLINK 5.09, LINKER
Linker Map File - Created Sat Mar 07 00:24:01 2020

                                 Section Info
                  Section       Type    Address   Location Size(Bytes)
                ---------  ---------  ---------  ---------  ---------
                   .org_0       code   0x000000    program   0x000002
                   .cinit    romdata   0x000001    program   0x000004
                   .org_1       code   0x000004    program   0x00022e
.config_8007_BUILD/DEFAULT/PRODUCTION/TYMKRS_       code   0x008007    program   0x000002
.config_8008_BUILD/DEFAULT/PRODUCTION/TYMKRS_       code   0x008008    program   0x000002
.config_8009_BUILD/DEFAULT/PRODUCTION/TYMKRS_       code   0x008009    program   0x000002
.config_800A_BUILD/DEFAULT/PRODUCTION/TYMKRS_       code   0x00800a    program   0x000002
.config_800B_BUILD/DEFAULT/PRODUCTION/TYMKRS_       code   0x00800b    program   0x000002



                              Program Memory Usage 
                               Start         End      
                           ---------   ---------      
                            0x000000    0x000002      
                            0x000004    0x00011a      
                            0x008007    0x00800b      
            287 out of 4106 program addresses used, program memory utilization is 6%



                              Symbols - Sorted by Name
                     Name    Address   Location    Storage File                     
                ---------  ---------  ---------  --------- ---------                
        IRQ_RX1_buff_full   0x000020    program     static C:\Users\wireb\Desktop\cam_offload_cache\mplab\Tymkrs_Cyphercon2020_IRhack\Tymkrs_Cyphercon2020_IRhack.X\Tymkrs_Cyphercon2020_IRhack.asm
          IRQ_RX1_no_OERR   0x000011    program     static C:\Users\wireb\Desktop\cam_offload_cache\mplab\Tymkrs_Cyphercon2020_IRhack\Tymkrs_Cyphercon2020_IRhack.X\Tymkrs_Cyphercon2020_IRhack.asm
          IRQ_RX2_no_FERR   0x00002b    program     static C:\Users\wireb\Desktop\cam_offload_cache\mplab\Tymkrs_Cyphercon2020_IRhack\Tymkrs_Cyphercon2020_IRhack.X\Tymkrs_Cyphercon2020_IRhack.asm
          IRQ_RX2_no_OERR   0x000030    program     static C:\Users\wireb\Desktop\cam_offload_cache\mplab\Tymkrs_Cyphercon2020_IRhack\Tymkrs_Cyphercon2020_IRhack.X\Tymkrs_Cyphercon2020_IRhack.asm
              IRQ_not_RX1   0x000021    program     static C:\Users\wireb\Desktop\cam_offload_cache\mplab\Tymkrs_Cyphercon2020_IRhack\Tymkrs_Cyphercon2020_IRhack.X\Tymkrs_Cyphercon2020_IRhack.asm
              IRQ_not_RX2   0x000036    program     static C:\Users\wireb\Desktop\cam_offload_cache\mplab\Tymkrs_Cyphercon2020_IRhack\Tymkrs_Cyphercon2020_IRhack.X\Tymkrs_Cyphercon2020_IRhack.asm
              IRQ_not_TX2   0x00004c    program     static C:\Users\wireb\Desktop\cam_offload_cache\mplab\Tymkrs_Cyphercon2020_IRhack\Tymkrs_Cyphercon2020_IRhack.X\Tymkrs_Cyphercon2020_IRhack.asm
                 MAINLOOP   0x0000c7    program     static C:\Users\wireb\Desktop\cam_offload_cache\mplab\Tymkrs_Cyphercon2020_IRhack\Tymkrs_Cyphercon2020_IRhack.X\Tymkrs_Cyphercon2020_IRhack.asm
                    START   0x00004d    program     static C:\Users\wireb\Desktop\cam_offload_cache\mplab\Tymkrs_Cyphercon2020_IRhack\Tymkrs_Cyphercon2020_IRhack.X\Tymkrs_Cyphercon2020_IRhack.asm
          init_bank0_loop   0x00005c    program     static C:\Users\wireb\Desktop\cam_offload_cache\mplab\Tymkrs_Cyphercon2020_IRhack\Tymkrs_Cyphercon2020_IRhack.X\Tymkrs_Cyphercon2020_IRhack.asm



                              Symbols - Sorted by Address
                     Name    Address   Location    Storage File                     
                ---------  ---------  ---------  --------- ---------                
          IRQ_RX1_no_OERR   0x000011    program     static C:\Users\wireb\Desktop\cam_offload_cache\mplab\Tymkrs_Cyphercon2020_IRhack\Tymkrs_Cyphercon2020_IRhack.X\Tymkrs_Cyphercon2020_IRhack.asm
        IRQ_RX1_buff_full   0x000020    program     static C:\Users\wireb\Desktop\cam_offload_cache\mplab\Tymkrs_Cyphercon2020_IRhack\Tymkrs_Cyphercon2020_IRhack.X\Tymkrs_Cyphercon2020_IRhack.asm
              IRQ_not_RX1   0x000021    program     static C:\Users\wireb\Desktop\cam_offload_cache\mplab\Tymkrs_Cyphercon2020_IRhack\Tymkrs_Cyphercon2020_IRhack.X\Tymkrs_Cyphercon2020_IRhack.asm
          IRQ_RX2_no_FERR   0x00002b    program     static C:\Users\wireb\Desktop\cam_offload_cache\mplab\Tymkrs_Cyphercon2020_IRhack\Tymkrs_Cyphercon2020_IRhack.X\Tymkrs_Cyphercon2020_IRhack.asm
          IRQ_RX2_no_OERR   0x000030    program     static C:\Users\wireb\Desktop\cam_offload_cache\mplab\Tymkrs_Cyphercon2020_IRhack\Tymkrs_Cyphercon2020_IRhack.X\Tymkrs_Cyphercon2020_IRhack.asm
              IRQ_not_RX2   0x000036    program     static C:\Users\wireb\Desktop\cam_offload_cache\mplab\Tymkrs_Cyphercon2020_IRhack\Tymkrs_Cyphercon2020_IRhack.X\Tymkrs_Cyphercon2020_IRhack.asm
              IRQ_not_TX2   0x00004c    program     static C:\Users\wireb\Desktop\cam_offload_cache\mplab\Tymkrs_Cyphercon2020_IRhack\Tymkrs_Cyphercon2020_IRhack.X\Tymkrs_Cyphercon2020_IRhack.asm
                    START   0x00004d    program     static C:\Users\wireb\Desktop\cam_offload_cache\mplab\Tymkrs_Cyphercon2020_IRhack\Tymkrs_Cyphercon2020_IRhack.X\Tymkrs_Cyphercon2020_IRhack.asm
          init_bank0_loop   0x00005c    program     static C:\Users\wireb\Desktop\cam_offload_cache\mplab\Tymkrs_Cyphercon2020_IRhack\Tymkrs_Cyphercon2020_IRhack.X\Tymkrs_Cyphercon2020_IRhack.asm
                 MAINLOOP   0x0000c7    program     static C:\Users\wireb\Desktop\cam_offload_cache\mplab\Tymkrs_Cyphercon2020_IRhack\Tymkrs_Cyphercon2020_IRhack.X\Tymkrs_Cyphercon2020_IRhack.asm


