MPLINK 5.09, LINKER
Linker Map File - Created Sun Apr 24 17:21:54 2022

                                 Section Info
                  Section       Type    Address   Location Size(Bytes)
                ---------  ---------  ---------  ---------  ---------
                   .org_0       code   0x000000    program   0x000002
                   .cinit    romdata   0x000001    program   0x000004
                   .org_1       code   0x000004    program   0x000334
                   UserID       code   0x008000    program   0x000002
.config_8007_BUILD/DEFAULT/PRODUCTION/TYMKRS_       code   0x008007    program   0x000002
.config_8008_BUILD/DEFAULT/PRODUCTION/TYMKRS_       code   0x008008    program   0x000002
.config_8009_BUILD/DEFAULT/PRODUCTION/TYMKRS_       code   0x008009    program   0x000002
.config_800A_BUILD/DEFAULT/PRODUCTION/TYMKRS_       code   0x00800a    program   0x000002
.config_800B_BUILD/DEFAULT/PRODUCTION/TYMKRS_       code   0x00800b    program   0x000002



                              Program Memory Usage 
                               Start         End      
                           ---------   ---------      
                            0x000000    0x000002      
                            0x000004    0x00019d      
                            0x008000    0x008000      
                            0x008007    0x00800b      
            419 out of 2058 program addresses used, program memory utilization is 20%



                              Symbols - Sorted by Name
                     Name    Address   Location    Storage File                     
                ---------  ---------  ---------  --------- ---------                
             IRQ_TX1_send   0x000024    program     static D:\cam_offload_cache\mplab\Tymkrs_Cyphercon_2020_IRbutton\Tymkrs_Cyphercon_2020_IRbutton.X\Tymkrs_Cyphercon_2020_IRbutton.asm
           IRQ_TX1_send_a   0x000038    program     static D:\cam_offload_cache\mplab\Tymkrs_Cyphercon_2020_IRbutton\Tymkrs_Cyphercon_2020_IRbutton.X\Tymkrs_Cyphercon_2020_IRbutton.asm
      IRQ_TX1_send_chksum   0x00008e    program     static D:\cam_offload_cache\mplab\Tymkrs_Cyphercon_2020_IRbutton\Tymkrs_Cyphercon_2020_IRbutton.X\Tymkrs_Cyphercon_2020_IRbutton.asm
           IRQ_TX1_send_h   0x00004c    program     static D:\cam_offload_cache\mplab\Tymkrs_Cyphercon_2020_IRbutton\Tymkrs_Cyphercon_2020_IRbutton.X\Tymkrs_Cyphercon_2020_IRbutton.asm
         IRQ_TX1_send_idH   0x000074    program     static D:\cam_offload_cache\mplab\Tymkrs_Cyphercon_2020_IRbutton\Tymkrs_Cyphercon_2020_IRbutton.X\Tymkrs_Cyphercon_2020_IRbutton.asm
         IRQ_TX1_send_idL   0x000081    program     static D:\cam_offload_cache\mplab\Tymkrs_Cyphercon_2020_IRbutton\Tymkrs_Cyphercon_2020_IRbutton.X\Tymkrs_Cyphercon_2020_IRbutton.asm
           IRQ_TX1_send_m   0x00002e    program     static D:\cam_offload_cache\mplab\Tymkrs_Cyphercon_2020_IRbutton\Tymkrs_Cyphercon_2020_IRbutton.X\Tymkrs_Cyphercon_2020_IRbutton.asm
           IRQ_TX1_send_q   0x000056    program     static D:\cam_offload_cache\mplab\Tymkrs_Cyphercon_2020_IRbutton\Tymkrs_Cyphercon_2020_IRbutton.X\Tymkrs_Cyphercon_2020_IRbutton.asm
           IRQ_TX1_send_s   0x000042    program     static D:\cam_offload_cache\mplab\Tymkrs_Cyphercon_2020_IRbutton\Tymkrs_Cyphercon_2020_IRbutton.X\Tymkrs_Cyphercon_2020_IRbutton.asm
      IRQ_TX1_send_status   0x000060    program     static D:\cam_offload_cache\mplab\Tymkrs_Cyphercon_2020_IRbutton\Tymkrs_Cyphercon_2020_IRbutton.X\Tymkrs_Cyphercon_2020_IRbutton.asm
        IRQ_TX1_send_type   0x00006a    program     static D:\cam_offload_cache\mplab\Tymkrs_Cyphercon_2020_IRbutton\Tymkrs_Cyphercon_2020_IRbutton.X\Tymkrs_Cyphercon_2020_IRbutton.asm
             IRQ_TX1_stop   0x00001f    program     static D:\cam_offload_cache\mplab\Tymkrs_Cyphercon_2020_IRbutton\Tymkrs_Cyphercon_2020_IRbutton.X\Tymkrs_Cyphercon_2020_IRbutton.asm
              IRQ_not_IOC   0x00000e    program     static D:\cam_offload_cache\mplab\Tymkrs_Cyphercon_2020_IRbutton\Tymkrs_Cyphercon_2020_IRbutton.X\Tymkrs_Cyphercon_2020_IRbutton.asm
             IRQ_not_TMR0   0x000016    program     static D:\cam_offload_cache\mplab\Tymkrs_Cyphercon_2020_IRbutton\Tymkrs_Cyphercon_2020_IRbutton.X\Tymkrs_Cyphercon_2020_IRbutton.asm
              IRQ_not_TX1   0x0000a4    program     static D:\cam_offload_cache\mplab\Tymkrs_Cyphercon_2020_IRbutton\Tymkrs_Cyphercon_2020_IRbutton.X\Tymkrs_Cyphercon_2020_IRbutton.asm
                 MAINLOOP   0x00011f    program     static D:\cam_offload_cache\mplab\Tymkrs_Cyphercon_2020_IRbutton\Tymkrs_Cyphercon_2020_IRbutton.X\Tymkrs_Cyphercon_2020_IRbutton.asm
                    START   0x0000a5    program     static D:\cam_offload_cache\mplab\Tymkrs_Cyphercon_2020_IRbutton\Tymkrs_Cyphercon_2020_IRbutton.X\Tymkrs_Cyphercon_2020_IRbutton.asm
           WAIT_BUTTON_UP   0x00013e    program     static D:\cam_offload_cache\mplab\Tymkrs_Cyphercon_2020_IRbutton\Tymkrs_Cyphercon_2020_IRbutton.X\Tymkrs_Cyphercon_2020_IRbutton.asm
            WAIT_ON_DELAY   0x000142    program     static D:\cam_offload_cache\mplab\Tymkrs_Cyphercon_2020_IRbutton\Tymkrs_Cyphercon_2020_IRbutton.X\Tymkrs_Cyphercon_2020_IRbutton.asm
             WAIT_TX_DONE   0x000135    program     static D:\cam_offload_cache\mplab\Tymkrs_Cyphercon_2020_IRbutton\Tymkrs_Cyphercon_2020_IRbutton.X\Tymkrs_Cyphercon_2020_IRbutton.asm
          init_bank0_loop   0x0000b0    program     static D:\cam_offload_cache\mplab\Tymkrs_Cyphercon_2020_IRbutton\Tymkrs_Cyphercon_2020_IRbutton.X\Tymkrs_Cyphercon_2020_IRbutton.asm



                              Symbols - Sorted by Address
                     Name    Address   Location    Storage File                     
                ---------  ---------  ---------  --------- ---------                
              IRQ_not_IOC   0x00000e    program     static D:\cam_offload_cache\mplab\Tymkrs_Cyphercon_2020_IRbutton\Tymkrs_Cyphercon_2020_IRbutton.X\Tymkrs_Cyphercon_2020_IRbutton.asm
             IRQ_not_TMR0   0x000016    program     static D:\cam_offload_cache\mplab\Tymkrs_Cyphercon_2020_IRbutton\Tymkrs_Cyphercon_2020_IRbutton.X\Tymkrs_Cyphercon_2020_IRbutton.asm
             IRQ_TX1_stop   0x00001f    program     static D:\cam_offload_cache\mplab\Tymkrs_Cyphercon_2020_IRbutton\Tymkrs_Cyphercon_2020_IRbutton.X\Tymkrs_Cyphercon_2020_IRbutton.asm
             IRQ_TX1_send   0x000024    program     static D:\cam_offload_cache\mplab\Tymkrs_Cyphercon_2020_IRbutton\Tymkrs_Cyphercon_2020_IRbutton.X\Tymkrs_Cyphercon_2020_IRbutton.asm
           IRQ_TX1_send_m   0x00002e    program     static D:\cam_offload_cache\mplab\Tymkrs_Cyphercon_2020_IRbutton\Tymkrs_Cyphercon_2020_IRbutton.X\Tymkrs_Cyphercon_2020_IRbutton.asm
           IRQ_TX1_send_a   0x000038    program     static D:\cam_offload_cache\mplab\Tymkrs_Cyphercon_2020_IRbutton\Tymkrs_Cyphercon_2020_IRbutton.X\Tymkrs_Cyphercon_2020_IRbutton.asm
           IRQ_TX1_send_s   0x000042    program     static D:\cam_offload_cache\mplab\Tymkrs_Cyphercon_2020_IRbutton\Tymkrs_Cyphercon_2020_IRbutton.X\Tymkrs_Cyphercon_2020_IRbutton.asm
           IRQ_TX1_send_h   0x00004c    program     static D:\cam_offload_cache\mplab\Tymkrs_Cyphercon_2020_IRbutton\Tymkrs_Cyphercon_2020_IRbutton.X\Tymkrs_Cyphercon_2020_IRbutton.asm
           IRQ_TX1_send_q   0x000056    program     static D:\cam_offload_cache\mplab\Tymkrs_Cyphercon_2020_IRbutton\Tymkrs_Cyphercon_2020_IRbutton.X\Tymkrs_Cyphercon_2020_IRbutton.asm
      IRQ_TX1_send_status   0x000060    program     static D:\cam_offload_cache\mplab\Tymkrs_Cyphercon_2020_IRbutton\Tymkrs_Cyphercon_2020_IRbutton.X\Tymkrs_Cyphercon_2020_IRbutton.asm
        IRQ_TX1_send_type   0x00006a    program     static D:\cam_offload_cache\mplab\Tymkrs_Cyphercon_2020_IRbutton\Tymkrs_Cyphercon_2020_IRbutton.X\Tymkrs_Cyphercon_2020_IRbutton.asm
         IRQ_TX1_send_idH   0x000074    program     static D:\cam_offload_cache\mplab\Tymkrs_Cyphercon_2020_IRbutton\Tymkrs_Cyphercon_2020_IRbutton.X\Tymkrs_Cyphercon_2020_IRbutton.asm
         IRQ_TX1_send_idL   0x000081    program     static D:\cam_offload_cache\mplab\Tymkrs_Cyphercon_2020_IRbutton\Tymkrs_Cyphercon_2020_IRbutton.X\Tymkrs_Cyphercon_2020_IRbutton.asm
      IRQ_TX1_send_chksum   0x00008e    program     static D:\cam_offload_cache\mplab\Tymkrs_Cyphercon_2020_IRbutton\Tymkrs_Cyphercon_2020_IRbutton.X\Tymkrs_Cyphercon_2020_IRbutton.asm
              IRQ_not_TX1   0x0000a4    program     static D:\cam_offload_cache\mplab\Tymkrs_Cyphercon_2020_IRbutton\Tymkrs_Cyphercon_2020_IRbutton.X\Tymkrs_Cyphercon_2020_IRbutton.asm
                    START   0x0000a5    program     static D:\cam_offload_cache\mplab\Tymkrs_Cyphercon_2020_IRbutton\Tymkrs_Cyphercon_2020_IRbutton.X\Tymkrs_Cyphercon_2020_IRbutton.asm
          init_bank0_loop   0x0000b0    program     static D:\cam_offload_cache\mplab\Tymkrs_Cyphercon_2020_IRbutton\Tymkrs_Cyphercon_2020_IRbutton.X\Tymkrs_Cyphercon_2020_IRbutton.asm
                 MAINLOOP   0x00011f    program     static D:\cam_offload_cache\mplab\Tymkrs_Cyphercon_2020_IRbutton\Tymkrs_Cyphercon_2020_IRbutton.X\Tymkrs_Cyphercon_2020_IRbutton.asm
             WAIT_TX_DONE   0x000135    program     static D:\cam_offload_cache\mplab\Tymkrs_Cyphercon_2020_IRbutton\Tymkrs_Cyphercon_2020_IRbutton.X\Tymkrs_Cyphercon_2020_IRbutton.asm
           WAIT_BUTTON_UP   0x00013e    program     static D:\cam_offload_cache\mplab\Tymkrs_Cyphercon_2020_IRbutton\Tymkrs_Cyphercon_2020_IRbutton.X\Tymkrs_Cyphercon_2020_IRbutton.asm
            WAIT_ON_DELAY   0x000142    program     static D:\cam_offload_cache\mplab\Tymkrs_Cyphercon_2020_IRbutton\Tymkrs_Cyphercon_2020_IRbutton.X\Tymkrs_Cyphercon_2020_IRbutton.asm


